Modules list:
-------------
nano6502.o:
    CODE              Offs=000000  Size=000000  Align=00001  Fill=0000
    RODATA            Offs=000000  Size=000000  Align=00001  Fill=0000
    BSS               Offs=000000  Size=000000  Align=00001  Fill=0000
    DATA              Offs=000000  Size=000000  Align=00001  Fill=0000
    ZEROPAGE          Offs=000000  Size=000000  Align=00001  Fill=0000
    NULL              Offs=000000  Size=000000  Align=00001  Fill=0000
    BIOS              Offs=000000  Size=00002B  Align=00001  Fill=0000
    WOZMON            Offs=000000  Size=000156  Align=00001  Fill=0000
    VECTORS           Offs=000000  Size=000006  Align=00001  Fill=0000


Segment list:
-------------
Name                   Start     End    Size  Align
----------------------------------------------------
BSS                   000000  000000  000000  00001
CODE                  000000  000000  000000  00001
NULL                  000000  000000  000000  00001
ZEROPAGE              000000  000000  000000  00001
DATA                  000200  000200  000000  00001
BIOS                  00E000  00E02A  00002B  00001
RODATA                00E02B  00E02B  000000  00001
WOZMON                00FC00  00FD55  000156  00001
VECTORS               00FFFA  00FFFF  000006  00001


Exports list by name:
---------------------
__DATA_LOAD__             000200  LA    __DATA_RUN__              000200  LA    
__DATA_SIZE__             000000  EA    __RAM_FILEOFFS__          000000  EA    
__RAM_LAST__              000200  LA    __RAM_SIZE__              007E00  EA    
__RAM_START__             000200  LA    __ROM_FILEOFFS__          000000  EA    
__ROM_LAST__              010000  LA    __ROM_SIZE__              002000  EA    
__ROM_START__             00E000  LA    __ZP_FILEOFFS__           000000  EA    
__ZP_LAST__               000000  LA    __ZP_SIZE__               000100  EA    
__ZP_START__              000000  LA    


Exports list by value:
----------------------
__DATA_SIZE__             000000  EA    __RAM_FILEOFFS__          000000  EA    
__ROM_FILEOFFS__          000000  EA    __ZP_FILEOFFS__           000000  EA    
__ZP_LAST__               000000  LA    __ZP_START__              000000  LA    
__ZP_SIZE__               000100  EA    __DATA_LOAD__             000200  LA    
__DATA_RUN__              000200  LA    __RAM_LAST__              000200  LA    
__RAM_START__             000200  LA    __ROM_SIZE__              002000  EA    
__RAM_SIZE__              007E00  EA    __ROM_START__             00E000  LA    
__ROM_LAST__              010000  LA    


Imports list:
-------------
__DATA_LOAD__ ([linker generated]):
__DATA_RUN__ ([linker generated]):
__DATA_SIZE__ ([linker generated]):
__RAM_FILEOFFS__ ([linker generated]):
__RAM_LAST__ ([linker generated]):
__RAM_SIZE__ ([linker generated]):
__RAM_START__ ([linker generated]):
__ROM_FILEOFFS__ ([linker generated]):
__ROM_LAST__ ([linker generated]):
__ROM_SIZE__ ([linker generated]):
__ROM_START__ ([linker generated]):
__ZP_FILEOFFS__ ([linker generated]):
__ZP_LAST__ ([linker generated]):
__ZP_SIZE__ ([linker generated]):
__ZP_START__ ([linker generated]):

